// Jest Snapshot v1, https://goo.gl/fbAQLP

exports[`should render NavBar with 3 navigation links 1`] = `
<ul
  className="nav-bar"
>
  <li
    className="nav-bar__item"
  >
    <a
      className="nav-bar__item-visual"
      href="/"
      onClick={[Function]}
    >
      Main page
    </a>
  </li>
  <li
    className="nav-bar__item"
  >
    <a
      className="nav-bar__item-visual"
      href="/findFlight"
      onClick={[Function]}
    >
      Find flight
    </a>
  </li>
  <li
    className="nav-bar__item"
  >
    <a
      className="nav-bar__item-visual"
      href="/login"
      onClick={[Function]}
    >
      Login
    </a>
  </li>
</ul>
`;
